// Jest Snapshot v1, https://goo.gl/fbAQLP

exports[`src/components/elements/GraphKeyframes.vue snapshot default 1`] = `
<g>
  <g>
    
    <g>
      
      <graph-key-points-stub
        color="green"
        focused="false"
        keyframes="[object Object],[object Object]"
        pointkey="translateX"
        selectedstatemap="[object Object]"
      />
      
    </g>
    
  </g>
  <g>
    
    
  </g>
</g>
`;
