// Jest Snapshot v1, https://goo.gl/fbAQLP

exports[`src/components/elements/GraphKeyframes.vue snapshot default 1`] = `
<g>
  
  <g>
    
    <graph-key-points-stub
      color="green"
      keyframes="[object Object],[object Object]"
      point-key="translateX"
      selected-state-map="[object Object]"
      value-width="5"
    />
    
  </g>
  
</g>
`;
