// Jest Snapshot v1, https://goo.gl/fbAQLP

exports[`/@/src/components/molecules/constraints/IKOptionField.vue snapshot 1`] = `
<div>
  <div
    class="row-block inline-field"
  >
    
    <label
      style="width: 100px;"
    >
      Target
    </label>
    <div
      class="inline-content"
    >
      
      <span
        class="select-root"
      >
        <select>
          <option
            value=""
          >
            -- None --
          </option>
          
          <option
            value="a"
          >
            bone_a
          </option>
          <option
            value="b"
          >
            bone_b
          </option>
          
        </select>
      </span>
      
    </div>
    
  </div>
  <div
    class="row-block inline-field"
  >
    
    <label
      style="width: 100px;"
    >
      Pole Target
    </label>
    <div
      class="inline-content"
    >
      
      <span
        class="select-root"
      >
        <select>
          <option
            value=""
          >
            -- None --
          </option>
          
          <option
            value="a"
          >
            bone_a
          </option>
          <option
            value="b"
          >
            bone_b
          </option>
          
        </select>
      </span>
      
    </div>
    
  </div>
  <div
    class="row-block inline-field"
  >
    
    <label
      style="width: 100px;"
    >
      Chain Length
    </label>
    <div
      class="inline-content"
    >
      
      <div
        class="slider-wrapper"
      >
        <div
          class="slider-background"
          style="transform: scaleX(0);"
        />
        <input
          type="text"
        />
        <div
          class="slider-forward"
        />
      </div>
      
    </div>
    
  </div>
  <div
    class="row-block inline-field"
  >
    
    <label
      style="width: 100px;"
    >
      Iterations
    </label>
    <div
      class="inline-content"
    >
      
      <div
        class="slider-wrapper"
      >
        <div
          class="slider-background"
          style="transform: scaleX(0.04);"
        />
        <input
          type="text"
        />
        <div
          class="slider-forward"
        />
      </div>
      
    </div>
    
  </div>
  <div
    class="row-block inline-field"
  >
    
    <label
      style="width: 100px;"
    >
      Influence
    </label>
    <div
      class="inline-content"
    >
      
      <div
        class="slider-wrapper"
      >
        <div
          class="slider-background"
          style="transform: scaleX(1);"
        />
        <input
          type="text"
        />
        <div
          class="slider-forward"
        />
      </div>
      <button
        type="button"
      >
        <svg
          viewBox="-8 -8 16 16"
          xmlns="http://www.w3.org/2000/svg"
        >
          <circle
            fill="#aaa"
            r="2.5"
          />
        </svg>
      </button>
      
    </div>
    
  </div>
</div>
`;
