// Jest Snapshot v1, https://goo.gl/fbAQLP

exports[`src/components/atoms/GraphNodeDataField.vue snapshot OBJECT 1`] = `
<div>
  <h5>
    value
  </h5>
  <span
    class="select-root"
  >
    <select>
      <option
        value=""
      >
        -- None --
      </option>
      
      
    </select>
  </span>
</div>
`;

exports[`src/components/atoms/GraphNodeDataField.vue snapshot SCALER 1`] = `
<div>
  <h5>
    value
  </h5>
  <div
    class="slider-wrapper"
  >
    <div
      class="slider-background"
      style="transform: scaleX(0);"
    />
    <input
      type="text"
    />
    <div
      class="slider-forward"
    />
  </div>
</div>
`;
