// Jest Snapshot v1, https://goo.gl/fbAQLP

exports[`src/components/elements/atoms/GraphAxis.vue snapshot default 1`] = `
<g
  dominant-baseline="middle"
  font-size="14"
  text-anchor="middle"
>
  
  <g
    transform="translate(0, -150) scale(1.5)"
  >
    <g
      transform="translate(10,0) rotate(-90)"
    >
      <text
        class="fill-text"
      >
        -30
      </text>
    </g>
    <line
      stroke="#aaa"
      x1="16"
      x2="100"
    />
  </g>
  <g
    transform="translate(0, 0) scale(1.5)"
  >
    <g
      transform="translate(10,0) rotate(-90)"
    >
      <text
        class="fill-text"
      >
        0
      </text>
    </g>
    <line
      stroke="#aaa"
      x1="16"
      x2="100"
    />
  </g>
  <g
    transform="translate(0, 150) scale(1.5)"
  >
    <g
      transform="translate(10,0) rotate(-90)"
    >
      <text
        class="fill-text"
      >
        30
      </text>
    </g>
    <line
      stroke="#aaa"
      x1="16"
      x2="100"
    />
  </g>
  <g
    transform="translate(0, 300) scale(1.5)"
  >
    <g
      transform="translate(10,0) rotate(-90)"
    >
      <text
        class="fill-text"
      >
        60
      </text>
    </g>
    <line
      stroke="#aaa"
      x1="16"
      x2="100"
    />
  </g>
  
</g>
`;
