// Jest Snapshot v1, https://goo.gl/fbAQLP

exports[`src/components/elements/molecules/BezierControls.vue snapshot default 1`] = `
<g>
  <g
    class="view-only"
    fill="#fff"
    stroke="#000"
  >
    <line
      x1="3"
      x2="1"
      y1="4"
      y2="2"
    />
    <line
      x1="1"
      x2="5"
      y1="2"
      y2="6"
    />
  </g>
  <g
    fill="#fff"
    stroke="#000"
  >
    <rect
      height="12"
      width="12"
      x="-3"
      y="-2"
    />
    <rect
      height="12"
      width="12"
      x="-1"
      y="0"
    />
  </g>
  <g
    fill="transparent"
  >
    <rect
      data-control_in="true"
      data-id="a"
      data-key="p"
      data-type="bezier-control"
      height="24"
      width="24"
      x="-9"
      y="-8"
    />
    <rect
      data-control_out="true"
      data-id="a"
      data-key="p"
      data-type="bezier-control"
      height="24"
      width="24"
      x="-7"
      y="-6"
    />
  </g>
</g>
`;
