// Jest Snapshot v1, https://goo.gl/fbAQLP

exports[`src/components/elements/molecules/CurveBezier3.vue snapshot default 1`] = `
<g>
  <path
    d="M 1,2 C 3,4 5,6 7,8"
    stroke="red"
    stroke-width="1.2"
  />
  <!--v-if-->
</g>
`;

exports[`src/components/elements/molecules/CurveBezier3.vue snapshot show control 1`] = `
<g>
  <path
    d="M 1,2 C 3,4 5,6 7,8"
    stroke="#fff"
    stroke-width="1"
  />
  <g
    fill="#fff"
    stroke="#000"
  >
    <line
      x1="1"
      x2="3"
      y1="2"
      y2="4"
    />
    <line
      x1="5"
      x2="7"
      y1="6"
      y2="8"
    />
    <rect
      height="8"
      width="8"
      x="-1"
      y="0"
    />
    <rect
      height="8"
      width="8"
      x="1"
      y="2"
    />
  </g>
</g>
`;
