// Jest Snapshot v1, https://goo.gl/fbAQLP

exports[`/@/src/components/molecules/constraints/ConstraintList.vue snapshot 1`] = `
<div
  data-v-app=""
>
  
  <div
    class="row-block inline-field"
  >
    
    <label>
      Constraints
    </label>
    <div
      class="inline-content"
    >
      
      <span
        class="select-root"
      >
        <select>
          <option
            value=""
          >
            -- Add --
          </option>
          
          <option
            value="IK"
          >
            IK
          </option>
          <option
            value="LIMIT_LOCATION"
          >
            Limit Location
          </option>
          <option
            value="LIMIT_ROTATION"
          >
            Limit Rotation
          </option>
          <option
            value="LIMIT_SCALE"
          >
            Limit Scale
          </option>
          <option
            value="COPY_LOCATION"
          >
            Copy Location
          </option>
          <option
            value="COPY_ROTATION"
          >
            Copy Rotation
          </option>
          <option
            value="COPY_SCALE"
          >
            Copy Scale
          </option>
          
        </select>
      </span>
      
    </div>
    
  </div>
  
  <div
    class="constraints-item"
  >
    <div
      class="constraint-header"
    >
      <div
        class="input-wrapper"
      >
        <input
          data-keep-focus="false"
          type="text"
        />
        <div
          class="input-forward"
        />
      </div>
      <button
        disabled=""
        type="button"
      >
        <svg
          class="icon"
          transform="rotate(0) scale(1, 1)"
          viewBox="0 0 10 10"
          xmlns="http://www.w3.org/2000/svg"
        >
          <rect
            class="fill-background-second"
            height="10"
            stroke="none"
            width="10"
          />
          <path
            class="fill-background"
            d="M2 7L8 7L5 2z"
            stroke="none"
            stroke-linejoin="round"
          />
        </svg>
      </button>
      <button
        type="button"
      >
        <svg
          class="icon"
          transform="rotate(0) scale(1, -1)"
          viewBox="0 0 10 10"
          xmlns="http://www.w3.org/2000/svg"
        >
          <rect
            class="fill-background-second"
            height="10"
            stroke="none"
            width="10"
          />
          <path
            class="fill-background"
            d="M2 7L8 7L5 2z"
            stroke="none"
            stroke-linejoin="round"
          />
        </svg>
      </button>
      <button
        type="button"
      >
        <svg
          class="icon"
          viewBox="0 0 10 10"
          xmlns="http://www.w3.org/2000/svg"
        >
          <rect
            class="fill-background-second"
            height="10"
            stroke="none"
            width="10"
          />
          <path
            class="stroke-background"
            d="M2.5 2.5L7.5 7.5M2.5 7.5L7.5 2.5"
            fill="none"
            stroke-linejoin="round"
          />
        </svg>
      </button>
    </div>
    <div>
      <div
        class="row-block inline-field"
      >
        
        <label
          style="width: 100px;"
        >
          Target
        </label>
        <div
          class="inline-content"
        >
          
          <div
            class="field-with-button"
          >
            <div
              class="field"
            >
              
              <span
                class="select-root"
              >
                <select>
                  <option
                    value=""
                  >
                    -- None --
                  </option>
                  
                  <option
                    value="a"
                  >
                    bone_a
                  </option>
                  <option
                    value="b"
                  >
                    bone_b
                  </option>
                  
                </select>
              </span>
              
            </div>
            <div
              class="button"
            >
              
              <button
                type="button"
              >
                <svg
                  viewBox="0 0 20 20"
                  xmlns="http://www.w3.org/2000/svg"
                >
                  <g
                    transform="rotate(45 10 10)"
                  >
                    <path
                      class="fill-text"
                      d="M8 2 A2 2 0 0 1 12 2 L12 5 L13 5 L13 7 L7 7 L7 5 L8 5z"
                      stroke="none"
                      stroke-linejoin="round"
                    />
                    <path
                      class="stroke-text"
                      d="M11.5 7 L11.5 17 L10 19 L8.5 17 L8.5 7"
                      fill="none"
                      stroke-linejoin="round"
                    />
                  </g>
                </svg>
              </button>
              
            </div>
          </div>
          
        </div>
        
      </div>
      <div
        class="row-block inline-field"
      >
        
        <label
          style="width: 100px;"
        >
          Pole Target
        </label>
        <div
          class="inline-content"
        >
          
          <div
            class="field-with-button"
          >
            <div
              class="field"
            >
              
              <span
                class="select-root"
              >
                <select>
                  <option
                    value=""
                  >
                    -- None --
                  </option>
                  
                  <option
                    value="a"
                  >
                    bone_a
                  </option>
                  <option
                    value="b"
                  >
                    bone_b
                  </option>
                  
                </select>
              </span>
              
            </div>
            <div
              class="button"
            >
              
              <button
                type="button"
              >
                <svg
                  viewBox="0 0 20 20"
                  xmlns="http://www.w3.org/2000/svg"
                >
                  <g
                    transform="rotate(45 10 10)"
                  >
                    <path
                      class="fill-text"
                      d="M8 2 A2 2 0 0 1 12 2 L12 5 L13 5 L13 7 L7 7 L7 5 L8 5z"
                      stroke="none"
                      stroke-linejoin="round"
                    />
                    <path
                      class="stroke-text"
                      d="M11.5 7 L11.5 17 L10 19 L8.5 17 L8.5 7"
                      fill="none"
                      stroke-linejoin="round"
                    />
                  </g>
                </svg>
              </button>
              
            </div>
          </div>
          
        </div>
        
      </div>
      <div
        class="row-block inline-field"
      >
        
        <!--v-if-->
        <div
          class="inline-content"
        >
          
          <label
            class=""
          >
            <input
              type="checkbox"
            />
            <span>
              Smooth Joint
            </span>
          </label>
          
        </div>
        
      </div>
      <div
        class="row-block inline-field"
      >
        
        <label
          style="width: 100px;"
        >
          Chain Length
        </label>
        <div
          class="inline-content"
        >
          
          <div
            class="slider-wrapper"
          >
            <div
              class="slider-background"
              style="transform: scaleX(0);"
            />
            <input
              type="text"
            />
            <div
              class="slider-forward"
            />
          </div>
          
        </div>
        
      </div>
      <div
        class="row-block inline-field"
      >
        
        <label
          style="width: 100px;"
        >
          Iterations
        </label>
        <div
          class="inline-content"
        >
          
          <div
            class="slider-wrapper"
          >
            <div
              class="slider-background"
              style="transform: scaleX(0.04);"
            />
            <input
              type="text"
            />
            <div
              class="slider-forward"
            />
          </div>
          
        </div>
        
      </div>
      <div
        class="row-block inline-field"
      >
        
        <label
          style="width: 100px;"
        >
          Influence
        </label>
        <div
          class="inline-content"
        >
          
          <div
            class="slider-wrapper"
          >
            <div
              class="slider-background"
              style="transform: scaleX(1);"
            />
            <input
              type="text"
            />
            <div
              class="slider-forward"
            />
          </div>
          <button
            type="button"
          >
            <svg
              viewBox="-8 -8 16 16"
              xmlns="http://www.w3.org/2000/svg"
            >
              <circle
                fill="#aaa"
                r="2.5"
              />
            </svg>
          </button>
          
        </div>
        
      </div>
    </div>
  </div>
  <div
    class="constraints-item"
  >
    <div
      class="constraint-header"
    >
      <div
        class="input-wrapper"
      >
        <input
          data-keep-focus="false"
          type="text"
        />
        <div
          class="input-forward"
        />
      </div>
      <button
        type="button"
      >
        <svg
          class="icon"
          transform="rotate(0) scale(1, 1)"
          viewBox="0 0 10 10"
          xmlns="http://www.w3.org/2000/svg"
        >
          <rect
            class="fill-background-second"
            height="10"
            stroke="none"
            width="10"
          />
          <path
            class="fill-background"
            d="M2 7L8 7L5 2z"
            stroke="none"
            stroke-linejoin="round"
          />
        </svg>
      </button>
      <button
        disabled=""
        type="button"
      >
        <svg
          class="icon"
          transform="rotate(0) scale(1, -1)"
          viewBox="0 0 10 10"
          xmlns="http://www.w3.org/2000/svg"
        >
          <rect
            class="fill-background-second"
            height="10"
            stroke="none"
            width="10"
          />
          <path
            class="fill-background"
            d="M2 7L8 7L5 2z"
            stroke="none"
            stroke-linejoin="round"
          />
        </svg>
      </button>
      <button
        type="button"
      >
        <svg
          class="icon"
          viewBox="0 0 10 10"
          xmlns="http://www.w3.org/2000/svg"
        >
          <rect
            class="fill-background-second"
            height="10"
            stroke="none"
            width="10"
          />
          <path
            class="stroke-background"
            d="M2.5 2.5L7.5 7.5M2.5 7.5L7.5 2.5"
            fill="none"
            stroke-linejoin="round"
          />
        </svg>
      </button>
    </div>
    <div>
      <div
        class="row-block inline-field"
      >
        
        <label
          style="width: 100px;"
        >
          Space Type
        </label>
        <div
          class="inline-content"
        >
          
          <span
            class="select-root"
          >
            <select>
              <!--v-if-->
              
              <option
                value="world"
              >
                World
              </option>
              <option
                value="local"
              >
                Local
              </option>
              
            </select>
          </span>
          
        </div>
        
      </div>
      <div
        class="row-block inline-field"
      >
        
        <label
          style="width: 100px;"
        >
          Min
        </label>
        <div
          class="inline-content"
        >
          
          <div
            class="inline"
          >
            <label
              class=""
            >
              <input
                type="checkbox"
              />
              <!--v-if-->
            </label>
            <div
              class="slider-wrapper"
            >
              <div
                class="slider-background"
                style="transform: scaleX(0);"
              />
              <input
                type="text"
              />
              <div
                class="slider-forward"
              />
            </div>
          </div>
          
        </div>
        
      </div>
      <div
        class="row-block inline-field"
      >
        
        <label
          style="width: 100px;"
        >
          Max
        </label>
        <div
          class="inline-content"
        >
          
          <div
            class="inline"
          >
            <label
              class=""
            >
              <input
                type="checkbox"
              />
              <!--v-if-->
            </label>
            <div
              class="slider-wrapper"
            >
              <div
                class="slider-background"
                style="transform: scaleX(0);"
              />
              <input
                type="text"
              />
              <div
                class="slider-forward"
              />
            </div>
          </div>
          
        </div>
        
      </div>
      <div
        class="row-block inline-field"
      >
        
        <label
          style="width: 100px;"
        >
          Influence
        </label>
        <div
          class="inline-content"
        >
          
          <div
            class="slider-wrapper"
          >
            <div
              class="slider-background"
              style="transform: scaleX(1);"
            />
            <input
              type="text"
            />
            <div
              class="slider-forward"
            />
          </div>
          <button
            type="button"
          >
            <svg
              viewBox="-8 -8 16 16"
              xmlns="http://www.w3.org/2000/svg"
            >
              <circle
                fill="#aaa"
                r="2.5"
              />
            </svg>
          </button>
          
        </div>
        
      </div>
    </div>
  </div>
  
  
</div>
`;
